// Jest Snapshot v1, https://goo.gl/fbAQLP

exports[`Table Component should render without any error Table  1`] = `
<ContextProvider
  value={
    Object {
      "store": Object {
        "clearActions": [Function],
        "dispatch": [MockFunction],
        "getActions": [Function],
        "getState": [Function],
        "replaceReducer": [Function],
        "subscribe": [Function],
      },
      "subscription": Subscription {
        "handleChangeWrapper": [Function],
        "listeners": Object {
          "notify": [Function],
        },
        "onStateChange": [Function],
        "parentSub": undefined,
        "store": Object {
          "clearActions": [Function],
          "dispatch": [MockFunction],
          "getActions": [Function],
          "getState": [Function],
          "replaceReducer": [Function],
          "subscribe": [Function],
        },
        "unsubscribe": null,
      },
    }
  }
>
  <SimpleTables
    numberOfColumns={3}
    numberOfRows={4}
    rowsData={
      Array [
        Array [
          0,
          0,
          0,
          0,
          0,
        ],
      ]
    }
  />
</ContextProvider>
`;
